Internal Server Error: /elevadores/api/elevadoress/dashboard/
Traceback (most recent call last):
  File "C:\Lucas\SesenAppMain\env\Lib\site-packages\django\core\handlers\exception.py", line 55, in inner
    response = get_response(request)
  File "C:\Lucas\SesenAppMain\env\Lib\site-packages\django\core\handlers\base.py", line 198, in _get_response
    response = wrapped_callback(request, *callback_args, **callback_kwargs)
  File "C:\Lucas\SesenAppMain\env\Lib\site-packages\django\views\decorators\csrf.py", line 65, in _view_wrapper
    return view_func(request, *args, **kwargs)
  File "C:\Lucas\SesenAppMain\env\Lib\site-packages\rest_framework\viewsets.py", line 125, in view
    return self.dispatch(request, *args, **kwargs)
           ~~~~~~~~~~~~~^^^^^^^^^^^^^^^^^^^^^^^^^^
  File "C:\Lucas\SesenAppMain\env\Lib\site-packages\rest_framework\views.py", line 515, in dispatch
    response = self.handle_exception(exc)
  File "C:\Lucas\SesenAppMain\env\Lib\site-packages\rest_framework\views.py", line 475, in handle_exception
    self.raise_uncaught_exception(exc)
    ~~~~~~~~~~~~~~~~~~~~~~~~~~~~~^^^^^
  File "C:\Lucas\SesenAppMain\env\Lib\site-packages\rest_framework\views.py", line 486, in raise_uncaught_exception
    raise exc
  File "C:\Lucas\SesenAppMain\env\Lib\site-packages\rest_framework\views.py", line 512, in dispatch
    response = handler(request, *args, **kwargs)
  File "C:\Lucas\SesenAppMain\elevadores\views\elev_drf_viewset.py", line 691, in dashboard
    ind_quatro = self.api_indicador_quatro(**filtros)
  File "C:\Lucas\SesenAppMain\elevadores\views\elev_drf_viewset.py", line 446, in api_indicador_quatro
    intersecao_fim = min(fim, parada_fim)
TypeError: '<' not supported between instances of 'datetime.datetime' and 'datetime.date'
Internal Server Error: /elevadores/api/elevadoress/dashboard/
Traceback (most recent call last):
  File "C:\Lucas\SesenAppMain\env\Lib\site-packages\django\core\handlers\exception.py", line 55, in inner
    response = get_response(request)
  File "C:\Lucas\SesenAppMain\env\Lib\site-packages\django\core\handlers\base.py", line 198, in _get_response
    response = wrapped_callback(request, *callback_args, **callback_kwargs)
  File "C:\Lucas\SesenAppMain\env\Lib\site-packages\django\views\decorators\csrf.py", line 65, in _view_wrapper
    return view_func(request, *args, **kwargs)
  File "C:\Lucas\SesenAppMain\env\Lib\site-packages\rest_framework\viewsets.py", line 125, in view
    return self.dispatch(request, *args, **kwargs)
           ~~~~~~~~~~~~~^^^^^^^^^^^^^^^^^^^^^^^^^^
  File "C:\Lucas\SesenAppMain\env\Lib\site-packages\rest_framework\views.py", line 515, in dispatch
    response = self.handle_exception(exc)
  File "C:\Lucas\SesenAppMain\env\Lib\site-packages\rest_framework\views.py", line 475, in handle_exception
    self.raise_uncaught_exception(exc)
    ~~~~~~~~~~~~~~~~~~~~~~~~~~~~~^^^^^
  File "C:\Lucas\SesenAppMain\env\Lib\site-packages\rest_framework\views.py", line 486, in raise_uncaught_exception
    raise exc
  File "C:\Lucas\SesenAppMain\env\Lib\site-packages\rest_framework\views.py", line 512, in dispatch
    response = handler(request, *args, **kwargs)
  File "C:\Lucas\SesenAppMain\elevadores\views\elev_drf_viewset.py", line 691, in dashboard
    ind_quatro = self.api_indicador_quatro(**filtros)
  File "C:\Lucas\SesenAppMain\elevadores\views\elev_drf_viewset.py", line 446, in api_indicador_quatro
    intersecao_fim = min(fim, parada_fim)
TypeError: '<' not supported between instances of 'datetime.datetime' and 'datetime.date'
"GET /elevadores/api/elevadoress/dashboard/?inicio=2026-06-01&fim=2026-06-30 HTTP/1.1" 500 129550
"GET /elevadores/api/elevadoress/dashboard/?inicio=2026-06-01&fim=2026-06-30 HTTP/1.1" 500 129550
